src/renderer/App.tsx(116,32): error TS2345: Argument of type '(manifest: ModuleManifest, assetPaths: Record<string, string>) => void' is not assignable to parameter of type '(manifest: unknown, assetPaths: Record<string, string>) => void'.
  Types of parameters 'manifest' and 'manifest' are incompatible.
    Type 'unknown' is not assignable to type 'ModuleManifest'.
src/renderer/App.tsx(135,54): error TS2339: Property 'sessions' does not exist on type 'unknown[]'.
src/renderer/App.tsx(135,64): error TS2339: Property 'habitatId' does not exist on type 'unknown[]'.
src/renderer/App.tsx(175,26): error TS2551: Property 'deserializeBuffer' does not exist on type '{ serializeBuffer: () => string; }'. Did you mean 'serializeBuffer'?
src/renderer/App.tsx(176,29): error TS2551: Property 'deserializeBuffer' does not exist on type '{ serializeBuffer: () => string; }'. Did you mean 'serializeBuffer'?
src/renderer/App.tsx(208,11): error TS2322: Type 'string | null' is not assignable to type 'string'.
  Type 'null' is not assignable to type 'string'.
src/renderer/App.tsx(374,11): error TS2322: Type '{ moduleId: string; onClose: () => void; onDelete: (id: any) => Promise<void>; }' is not assignable to type 'IntrinsicAttributes & Props'.
  Property 'onDelete' does not exist on type 'IntrinsicAttributes & Props'.
src/renderer/App.tsx(374,28): error TS7006: Parameter 'id' implicitly has an 'any' type.
src/renderer/App.tsx(375,36): error TS2339: Property 'deleteModule' does not exist on type '{ listModules: () => Promise<string[]>; loadModule: (id: string) => Promise<{ manifest: unknown; worldState: unknown; agents: unknown[]; assetPaths: Record<string, string>; }>; startModule: (defaults?: { ...; } | undefined) => Promise<...>; ... 19 more ...; onManifest: (cb: (manifest: unknown, assetPaths: Record<......'.
src/renderer/components/AgentBrowserDialog.tsx(62,17): error TS2339: Property 'ok' does not exist on type '{}'.
src/renderer/components/AgentBrowserDialog.tsx(63,23): error TS2339: Property 'error' does not exist on type '{}'.
src/renderer/components/AgentBrowserDialog.tsx(74,43): error TS18046: 'result' is of type 'unknown'.
src/renderer/components/AgentBrowserDialog.tsx(87,43): error TS18046: 'result' is of type 'unknown'.
src/renderer/components/AgentBrowserDialog.tsx(88,13): error TS2322: Type '{ creature: CreatureConfig; id?: string | undefined; name?: string | undefined; shell?: string | undefined; args?: string[]; cwd?: string | undefined; env?: Record<string, string>; ... 6 more ...; preCreated?: boolean; }' is not assignable to type 'ShellConfig'.
  Types of property 'id' are incompatible.
    Type 'string | undefined' is not assignable to type 'string'.
      Type 'undefined' is not assignable to type 'string'.
src/renderer/components/AgentBrowserDialog.tsx(162,30): error TS2339: Property 'memory' does not exist on type 'AgentListItem'.
src/renderer/components/AgentSaveDialog.tsx(29,48): error TS2554: Expected 1 arguments, but got 2.
src/renderer/components/BootstrapTerminal.tsx(438,21): error TS2352: Conversion of type '{ manifest: unknown; world: unknown; agents: unknown[]; }' to type 'null' may be a mistake because neither type sufficiently overlaps with the other. If this was intentional, convert the expression to 'unknown' first.
src/renderer/components/DreamStatePanel.tsx(32,76): error TS2694: Namespace '"C:/Users/Sand/Desktop/Coding/Sands Studio/src/shared/habitatTypes"' has no exported member 'SkillManifest'.
src/renderer/components/DreamStatePanel.tsx(36,74): error TS2694: Namespace '"C:/Users/Sand/Desktop/Coding/Sands Studio/src/shared/habitatTypes"' has no exported member 'Hook'.
src/renderer/components/DreamStatePanel.tsx(42,78): error TS2694: Namespace '"C:/Users/Sand/Desktop/Coding/Sands Studio/src/shared/habitatTypes"' has no exported member 'DiscoveredPlugin'.
src/renderer/components/DreamStatePanel.tsx(125,32): error TS2339: Property '__TERMINAL_STORE__' does not exist on type 'Window & typeof globalThis'.
src/renderer/components/DreamStatePanel.tsx(126,18): error TS2339: Property '__TERMINAL_STORE__' does not exist on type 'Window & typeof globalThis'.
src/renderer/components/DreamStatePanel.tsx(134,35): error TS7006: Parameter 'r' implicitly has an 'any' type.
src/renderer/components/DreamStatePanel.tsx(134,70): error TS7006: Parameter 'r' implicitly has an 'any' type.
src/renderer/components/DreamStatePanel.tsx(195,55): error TS2694: Namespace '"C:/Users/Sand/Desktop/Coding/Sands Studio/src/shared/habitatTypes"' has no exported member 'Hook'.
src/renderer/components/DreamStatePanel.tsx(306,21): error TS2322: Type 'unknown' is not assignable to type 'ReactNode'.
src/renderer/components/DreamStatePanel.tsx(410,46): error TS2345: Argument of type '(f: { name: string; triggerType: "event"; actionType: "log"; pattern: string; }) => { triggerType: "context" | "pattern" | "event" | "schedule"; name: string; actionType: "log"; pattern: string; }' is not assignable to parameter of type 'SetStateAction<{ name: string; triggerType: "event"; actionType: "log"; pattern: string; }>'.
  Type '(f: { name: string; triggerType: "event"; actionType: "log"; pattern: string; }) => { triggerType: "context" | "pattern" | "event" | "schedule"; name: string; actionType: "log"; pattern: string; }' is not assignable to type '(prevState: { name: string; triggerType: "event"; actionType: "log"; pattern: string; }) => { name: string; triggerType: "event"; actionType: "log"; pattern: string; }'.
    Call signature return types '{ triggerType: "context" | "pattern" | "event" | "schedule"; name: string; actionType: "log"; pattern: string; }' and '{ name: string; triggerType: "event"; actionType: "log"; pattern: string; }' are incompatible.
      The types of 'triggerType' are incompatible between these types.
        Type '"context" | "pattern" | "event" | "schedule"' is not assignable to type '"event"'.
          Type '"context"' is not assignable to type '"event"'.
src/renderer/components/DreamStatePanel.tsx(419,46): error TS2345: Argument of type '(f: { name: string; triggerType: "event"; actionType: "log"; pattern: string; }) => { actionType: "shell" | "log" | "compact" | "skill" | "http" | "plugin"; name: string; triggerType: "event"; pattern: string; }' is not assignable to parameter of type 'SetStateAction<{ name: string; triggerType: "event"; actionType: "log"; pattern: string; }>'.
  Type '(f: { name: string; triggerType: "event"; actionType: "log"; pattern: string; }) => { actionType: "shell" | "log" | "compact" | "skill" | "http" | "plugin"; name: string; triggerType: "event"; pattern: string; }' is not assignable to type '(prevState: { name: string; triggerType: "event"; actionType: "log"; pattern: string; }) => { name: string; triggerType: "event"; actionType: "log"; pattern: string; }'.
    Call signature return types '{ actionType: "shell" | "log" | "compact" | "skill" | "http" | "plugin"; name: string; triggerType: "event"; pattern: string; }' and '{ name: string; triggerType: "event"; actionType: "log"; pattern: string; }' are incompatible.
      The types of 'actionType' are incompatible between these types.
        Type '"shell" | "log" | "compact" | "skill" | "http" | "plugin"' is not assignable to type '"log"'.
          Type '"shell"' is not assignable to type '"log"'.
src/renderer/components/HabitatSaveDialog.tsx(52,68): error TS2554: Expected 1 arguments, but got 2.
src/renderer/components/HabitatSaveDialog.tsx(90,55): error TS2554: Expected 1 arguments, but got 2.
src/renderer/components/HabitatSaveDialog.tsx(129,53): error TS2554: Expected 1 arguments, but got 2.
src/renderer/components/ModuleSettingsDialog.tsx(3,75): error TS6307: File 'C:/Users/Sand/Desktop/Coding/Sands Studio/src/shared/types.ts' is not listed within the file list of project 'C:/Users/Sand/Desktop/Coding/Sands Studio/tsconfig.web.json'. Projects must list all files or use an 'include' pattern.
  The file is in the program because:
    Imported via '../../shared/types' from file 'C:/Users/Sand/Desktop/Coding/Sands Studio/src/renderer/components/ModuleSettingsDialog.tsx'
    Imported via '../../shared/types' from file 'C:/Users/Sand/Desktop/Coding/Sands Studio/src/renderer/module-engine/types.ts'
    Imported via '../../shared/types' from file 'C:/Users/Sand/Desktop/Coding/Sands Studio/src/renderer/module-engine/types.ts'
    Imported via '../../shared/types' from file 'C:/Users/Sand/Desktop/Coding/Sands Studio/src/renderer/module-engine/types.ts'
    Imported via '../../shared/types' from file 'C:/Users/Sand/Desktop/Coding/Sands Studio/src/renderer/module-engine/TileMap.ts'
    Imported via '../../shared/types' from file 'C:/Users/Sand/Desktop/Coding/Sands Studio/src/renderer/module-engine/EntityRenderer.ts'
    Imported via '../../shared/types' from file 'C:/Users/Sand/Desktop/Coding/Sands Studio/src/renderer/module-engine/UIRenderer.ts'
    Imported via './types' from file 'C:/Users/Sand/Desktop/Coding/Sands Studio/src/shared/WorldState.ts'
    Imported via './types' from file 'C:/Users/Sand/Desktop/Coding/Sands Studio/src/shared/WorldState.ts'
    Imported via './types' from file 'C:/Users/Sand/Desktop/Coding/Sands Studio/src/shared/WorldState.ts'
    Imported via './types' from file 'C:/Users/Sand/Desktop/Coding/Sands Studio/src/shared/WorldState.ts'
    Imported via '../../shared/types' from file 'C:/Users/Sand/Desktop/Coding/Sands Studio/src/renderer/module-engine/WorldState.ts'
    Imported via './types' from file 'C:/Users/Sand/Desktop/Coding/Sands Studio/src/shared/actionApi.ts'
    Imported via './types' from file 'C:/Users/Sand/Desktop/Coding/Sands Studio/src/shared/pathfinding.ts'
    Imported via './types' from file 'C:/Users/Sand/Desktop/Coding/Sands Studio/src/shared/actionApi.ts'
    Imported via '../../shared/types' from file 'C:/Users/Sand/Desktop/Coding/Sands Studio/src/renderer/module-engine/actionApi.ts'
src/renderer/components/SpriteManagerDialog.tsx(58,28): error TS2345: Argument of type '{ creature: any; }' is not assignable to parameter of type 'ShellConfig'.
  Type '{ creature: any; }' is missing the following properties from type 'ShellConfig': id, name, shell, cwd
src/renderer/components/SpriteManagerDialog.tsx(61,23): error TS2339: Property 'creature' does not exist on type '{}'.
src/renderer/components/TerminalPane.tsx(109,37): error TS2339: Property 'serialize' does not exist on type 'Terminal'.
src/renderer/components/TerminalPane.tsx(110,35): error TS2339: Property 'serialize' does not exist on type 'Terminal'.
src/renderer/components/TerminalPane.tsx(264,30): error TS2339: Property 'bellSoundEnabled' does not exist on type 'ITerminalOptions'.
src/renderer/module-engine/actionApi.ts(2,102): error TS6307: File 'C:/Users/Sand/Desktop/Coding/Sands Studio/src/shared/actionApi.ts' is not listed within the file list of project 'C:/Users/Sand/Desktop/Coding/Sands Studio/tsconfig.web.json'. Projects must list all files or use an 'include' pattern.
src/renderer/module-engine/BootstrapAgent.ts(6,54): error TS2305: Module '"./types"' has no exported member 'GeneratedModuleConfig'.
src/renderer/module-engine/EntityRenderer.ts(7,68): error TS2305: Module '"../../shared/types"' has no exported member 'SerializedWorldState'.
src/renderer/module-engine/ModuleView.tsx(24,27): error TS2503: Cannot find namespace 'PIXI'.
src/renderer/module-engine/ModuleView.tsx(25,61): error TS2503: Cannot find namespace 'PIXI'.
src/renderer/module-engine/ModuleView.tsx(26,65): error TS2503: Cannot find namespace 'PIXI'.
src/renderer/module-engine/ModuleView.tsx(40,25): error TS2503: Cannot find namespace 'PIXI'.
src/renderer/module-engine/ModuleView.tsx(144,42): error TS2503: Cannot find namespace 'PIXI'.
src/renderer/module-engine/ModuleView.tsx(580,63): error TS2345: Argument of type 'Partial<ModuleManifest>' is not assignable to parameter of type '{ manifest?: object | undefined; agents?: { [key: string]: unknown; id: string; }[] | undefined; }'.
  Types of property 'agents' are incompatible.
    Type 'string | undefined' is not assignable to type '{ [key: string]: unknown; id: string; }[] | undefined'.
      Type 'string' is not assignable to type '{ [key: string]: unknown; id: string; }[]'.
src/renderer/module-engine/types.ts(14,13): error TS2304: Cannot find name 'Entity'.
src/renderer/module-engine/types.ts(15,14): error TS2304: Cannot find name 'WorldType'.
src/renderer/module-engine/types.ts(18,11): error TS2552: Cannot find name 'GameEvent'. Did you mean 'GamepadEvent'?
src/renderer/module-engine/WorldState.ts(2,35): error TS6307: File 'C:/Users/Sand/Desktop/Coding/Sands Studio/src/shared/WorldState.ts' is not listed within the file list of project 'C:/Users/Sand/Desktop/Coding/Sands Studio/tsconfig.web.json'. Projects must list all files or use an 'include' pattern.
  The file is in the program because:
    Imported via '../../shared/WorldState' from file 'C:/Users/Sand/Desktop/Coding/Sands Studio/src/renderer/module-engine/WorldState.ts'
    Imported via '../../shared/WorldState' from file 'C:/Users/Sand/Desktop/Coding/Sands Studio/src/renderer/module-engine/WorldState.ts'
    Imported via './WorldState' from file 'C:/Users/Sand/Desktop/Coding/Sands Studio/src/shared/actionApi.ts'
src/renderer/store/useHabitatCommsStore.ts(7,8): error TS6307: File 'C:/Users/Sand/Desktop/Coding/Sands Studio/src/shared/habitatCommsTypes.ts' is not listed within the file list of project 'C:/Users/Sand/Desktop/Coding/Sands Studio/tsconfig.web.json'. Projects must list all files or use an 'include' pattern.
  The file is in the program because:
    Imported via '../../shared/habitatCommsTypes' from file 'C:/Users/Sand/Desktop/Coding/Sands Studio/src/renderer/store/useHabitatCommsStore.ts'
    Imported via '../../shared/habitatCommsTypes' from file 'C:/Users/Sand/Desktop/Coding/Sands Studio/src/renderer/components/CommsPanel.tsx'
    Imported via '../../shared/habitatCommsTypes' from file 'C:/Users/Sand/Desktop/Coding/Sands Studio/src/renderer/components/CollisionToast.tsx'
src/renderer/store/useSimulatorStore.ts(10,44): error TS6307: File 'C:/Users/Sand/Desktop/Coding/Sands Studio/src/shared/simulation/types.ts' is not listed within the file list of project 'C:/Users/Sand/Desktop/Coding/Sands Studio/tsconfig.web.json'. Projects must list all files or use an 'include' pattern.
  The file is in the program because:
    Imported via '../../shared/simulation/types' from file 'C:/Users/Sand/Desktop/Coding/Sands Studio/src/renderer/store/useSimulatorStore.ts'
    Imported via '../types.js' from file 'C:/Users/Sand/Desktop/Coding/Sands Studio/src/shared/simulation/habitat/HabitatSimulator.ts'
    Imported via './types.js' from file 'C:/Users/Sand/Desktop/Coding/Sands Studio/src/shared/simulation/GraphEngine.ts'
    Imported via './types.js' from file 'C:/Users/Sand/Desktop/Coding/Sands Studio/src/shared/simulation/CheckpointManager.ts'
    Imported via './types.js' from file 'C:/Users/Sand/Desktop/Coding/Sands Studio/src/shared/simulation/InterruptBroker.ts'
    Imported via '../types.js' from file 'C:/Users/Sand/Desktop/Coding/Sands Studio/src/shared/simulation/habitat/CreatureState.ts'
    Imported via '../types.js' from file 'C:/Users/Sand/Desktop/Coding/Sands Studio/src/shared/simulation/habitat/CreatureEdgeGraph.ts'
    Imported via '../types.js' from file 'C:/Users/Sand/Desktop/Coding/Sands Studio/src/shared/simulation/habitat/CreatureInteractionGraph.ts'
    Imported via '../types.js' from file 'C:/Users/Sand/Desktop/Coding/Sands Studio/src/shared/simulation/habitat/HabitatSimulator.ts'
src/renderer/store/useSimulatorStore.ts(11,38): error TS6307: File 'C:/Users/Sand/Desktop/Coding/Sands Studio/src/shared/simulation/habitat/HabitatSimulator.ts' is not listed within the file list of project 'C:/Users/Sand/Desktop/Coding/Sands Studio/tsconfig.web.json'. Projects must list all files or use an 'include' pattern.
src/renderer/store/useTerminalStore.ts(2,50): error TS6307: File 'C:/Users/Sand/Desktop/Coding/Sands Studio/src/shared/habitatTypes.ts' is not listed within the file list of project 'C:/Users/Sand/Desktop/Coding/Sands Studio/tsconfig.web.json'. Projects must list all files or use an 'include' pattern.
  The file is in the program because:
    Imported via '../../shared/habitatTypes' from file 'C:/Users/Sand/Desktop/Coding/Sands Studio/src/renderer/store/useTerminalStore.ts'
    Imported via '../../shared/habitatTypes' from file 'C:/Users/Sand/Desktop/Coding/Sands Studio/src/renderer/components/TerminalPane.tsx'
    Imported via '../../shared/habitatTypes' from file 'C:/Users/Sand/Desktop/Coding/Sands Studio/src/renderer/store/useHabitatStore.ts'
    Imported via '../../shared/habitatTypes' from file 'C:/Users/Sand/Desktop/Coding/Sands Studio/src/renderer/components/MenuBar.tsx'
    Imported via '../../shared/habitatTypes' from file 'C:/Users/Sand/Desktop/Coding/Sands Studio/src/renderer/components/HabitatSaveDialog.tsx'
    Imported via '../../shared/habitatTypes' from file 'C:/Users/Sand/Desktop/Coding/Sands Studio/src/renderer/components/HabitatManagerDialog.tsx'
    Imported via '../../shared/habitatTypes' from file 'C:/Users/Sand/Desktop/Coding/Sands Studio/src/renderer/components/ShellSettingsDialog.tsx'
    Imported via '../../shared/habitatTypes' from file 'C:/Users/Sand/Desktop/Coding/Sands Studio/src/renderer/components/DreamStatePanel.tsx'
    Imported via '../../shared/habitatTypes' from file 'C:/Users/Sand/Desktop/Coding/Sands Studio/src/renderer/components/DreamStatePanel.tsx'
    Imported via '../../shared/habitatTypes' from file 'C:/Users/Sand/Desktop/Coding/Sands Studio/src/renderer/components/DreamStatePanel.tsx'
    Imported via '../../shared/habitatTypes' from file 'C:/Users/Sand/Desktop/Coding/Sands Studio/src/renderer/components/DreamStatePanel.tsx'
    Imported via '../shared/habitatTypes' from file 'C:/Users/Sand/Desktop/Coding/Sands Studio/src/renderer/App.tsx'
    Imported via '../../shared/habitatTypes' from file 'C:/Users/Sand/Desktop/Coding/Sands Studio/src/renderer/components/AgentBrowserDialog.tsx'
    Imported via '../../shared/habitatTypes' from file 'C:/Users/Sand/Desktop/Coding/Sands Studio/src/renderer/components/AgentSaveDialog.tsx'
src/renderer/store/useTerminalStore.ts(44,3): error TS2322: Type '(name: string | undefined) => TerminalSession | null' is not assignable to type '(name?: string | undefined) => TerminalSession'.
  Type 'TerminalSession | null' is not assignable to type 'TerminalSession'.
    Type 'null' is not assignable to type 'TerminalSession'.
src/renderer/store/useTerminalStore.ts(62,3): error TS2322: Type '(config: ShellConfig | undefined, forcedId: string | undefined) => TerminalSession | null' is not assignable to type '(config?: ShellConfig | undefined, id?: string | undefined) => TerminalSession'.
  Type 'TerminalSession | null' is not assignable to type 'TerminalSession'.
    Type 'null' is not assignable to type 'TerminalSession'.
src/shared/actionApi.ts(26,43): error TS6307: File 'C:/Users/Sand/Desktop/Coding/Sands Studio/src/shared/pathfinding.ts' is not listed within the file list of project 'C:/Users/Sand/Desktop/Coding/Sands Studio/tsconfig.web.json'. Projects must list all files or use an 'include' pattern.
src/shared/simulation/GraphEngine.ts(14,40): error TS6307: File 'C:/Users/Sand/Desktop/Coding/Sands Studio/src/shared/simulation/CheckpointManager.ts' is not listed within the file list of project 'C:/Users/Sand/Desktop/Coding/Sands Studio/tsconfig.web.json'. Projects must list all files or use an 'include' pattern.
  The file is in the program because:
    Imported via './CheckpointManager.js' from file 'C:/Users/Sand/Desktop/Coding/Sands Studio/src/shared/simulation/GraphEngine.ts'
    Imported via './CheckpointManager.js' from file 'C:/Users/Sand/Desktop/Coding/Sands Studio/src/shared/simulation/GraphEngine.ts'
    Imported via '../CheckpointManager.js' from file 'C:/Users/Sand/Desktop/Coding/Sands Studio/src/shared/simulation/habitat/HabitatSimulator.ts'
src/shared/simulation/GraphEngine.ts(99,25): error TS2352: Conversion of type '{ type: string; nodeId: string; tick: number; data: { edgeId: string; to: string; }; fromState: Record<string, unknown>; toState: Record<string, unknown>; }' to type 'E' may be a mistake because neither type sufficiently overlaps with the other. If this was intentional, convert the expression to 'unknown' first.
  '{ type: string; nodeId: string; tick: number; data: { edgeId: string; to: string; }; fromState: Record<string, unknown>; toState: Record<string, unknown>; }' is assignable to the constraint of type 'E', but 'E' could be instantiated with a different subtype of constraint 'SimulationEvent'.
src/shared/simulation/habitat/CreatureEdgeGraph.ts(40,21): error TS18046: 's.hungerThreshold' is of type 'unknown'.
src/shared/simulation/habitat/CreatureEdgeGraph.ts(48,21): error TS18046: 's.hungerThreshold' is of type 'unknown'.
src/shared/simulation/habitat/CreatureEdgeGraph.ts(56,21): error TS18046: 's.energyThreshold' is of type 'unknown'.
src/shared/simulation/habitat/CreatureEdgeGraph.ts(60,21): error TS18046: 's.energyThreshold' is of type 'unknown'.
src/shared/simulation/habitat/CreatureEdgeGraph.ts(213,51): error TS18046: 's.energyRecoveryRate' is of type 'unknown'.
src/shared/simulation/habitat/CreatureEdgeGraph.ts(217,44): error TS18046: 's.hungerRate' is of type 'unknown'.
src/shared/simulation/habitat/CreatureEdgeGraph.ts(218,42): error TS18046: 's.energyRate' is of type 'unknown'.
src/shared/simulation/habitat/CreatureEdgeGraph.ts(222,42): error TS18046: 's.hungerRate' is of type 'unknown'.
src/shared/simulation/habitat/CreatureEdgeGraph.ts(223,40): error TS18046: 's.energyRate' is of type 'unknown'.
src/shared/simulation/habitat/HabitatSimulator.ts(24,29): error TS6307: File 'C:/Users/Sand/Desktop/Coding/Sands Studio/src/shared/simulation/GraphEngine.ts' is not listed within the file list of project 'C:/Users/Sand/Desktop/Coding/Sands Studio/tsconfig.web.json'. Projects must list all files or use an 'include' pattern.
src/shared/simulation/habitat/HabitatSimulator.ts(27,37): error TS6307: File 'C:/Users/Sand/Desktop/Coding/Sands Studio/src/shared/simulation/InterruptBroker.ts' is not listed within the file list of project 'C:/Users/Sand/Desktop/Coding/Sands Studio/tsconfig.web.json'. Projects must list all files or use an 'include' pattern.
src/shared/simulation/habitat/HabitatSimulator.ts(28,55): error TS6307: File 'C:/Users/Sand/Desktop/Coding/Sands Studio/src/shared/simulation/habitat/CreatureState.ts' is not listed within the file list of project 'C:/Users/Sand/Desktop/Coding/Sands Studio/tsconfig.web.json'. Projects must list all files or use an 'include' pattern.
  The file is in the program because:
    Imported via './CreatureState.js' from file 'C:/Users/Sand/Desktop/Coding/Sands Studio/src/shared/simulation/habitat/HabitatSimulator.ts'
    Imported via './CreatureState.js' from file 'C:/Users/Sand/Desktop/Coding/Sands Studio/src/shared/simulation/habitat/HabitatSimulator.ts'
    Imported via './CreatureState.js' from file 'C:/Users/Sand/Desktop/Coding/Sands Studio/src/shared/simulation/habitat/CreatureEdgeGraph.ts'
    Imported via './CreatureState.js' from file 'C:/Users/Sand/Desktop/Coding/Sands Studio/src/shared/simulation/habitat/CreatureInteractionGraph.ts'
src/shared/simulation/habitat/HabitatSimulator.ts(30,35): error TS6307: File 'C:/Users/Sand/Desktop/Coding/Sands Studio/src/shared/simulation/habitat/CreatureEdgeGraph.ts' is not listed within the file list of project 'C:/Users/Sand/Desktop/Coding/Sands Studio/tsconfig.web.json'. Projects must list all files or use an 'include' pattern.
  The file is in the program because:
    Imported via './CreatureEdgeGraph.js' from file 'C:/Users/Sand/Desktop/Coding/Sands Studio/src/shared/simulation/habitat/HabitatSimulator.ts'
    Imported via './CreatureEdgeGraph.js' from file 'C:/Users/Sand/Desktop/Coding/Sands Studio/src/shared/simulation/habitat/HabitatSimulator.ts'
src/shared/simulation/habitat/HabitatSimulator.ts(32,40): error TS6307: File 'C:/Users/Sand/Desktop/Coding/Sands Studio/src/shared/simulation/habitat/CreatureInteractionGraph.ts' is not listed within the file list of project 'C:/Users/Sand/Desktop/Coding/Sands Studio/tsconfig.web.json'. Projects must list all files or use an 'include' pattern.
  The file is in the program because:
    Imported via './CreatureInteractionGraph.js' from file 'C:/Users/Sand/Desktop/Coding/Sands Studio/src/shared/simulation/habitat/HabitatSimulator.ts'
    Imported via './CreatureInteractionGraph.js' from file 'C:/Users/Sand/Desktop/Coding/Sands Studio/src/shared/simulation/habitat/HabitatSimulator.ts'
src/shared/simulation/habitat/HabitatSimulator.ts(451,23): error TS18046: 'state.hungerThreshold' is of type 'unknown'.
src/shared/simulation/habitat/HabitatSimulator.ts(452,22): error TS18046: 'state.energyThreshold' is of type 'unknown'.
src/shared/simulation/types.ts(53,15): error TS6307: File 'C:/Users/Sand/Desktop/Coding/Sands Studio/src/shared/simulation/SeededRandom.ts' is not listed within the file list of project 'C:/Users/Sand/Desktop/Coding/Sands Studio/tsconfig.web.json'. Projects must list all files or use an 'include' pattern.
  The file is in the program because:
    Imported via './SeededRandom' from file 'C:/Users/Sand/Desktop/Coding/Sands Studio/src/shared/simulation/types.ts'
    Imported via './SeededRandom.js' from file 'C:/Users/Sand/Desktop/Coding/Sands Studio/src/shared/simulation/GraphEngine.ts'
    Imported via './SeededRandom.js' from file 'C:/Users/Sand/Desktop/Coding/Sands Studio/src/shared/simulation/CheckpointManager.ts'
    Imported via '../SeededRandom.js' from file 'C:/Users/Sand/Desktop/Coding/Sands Studio/src/shared/simulation/habitat/HabitatSimulator.ts'
